<!DOCTYPE html>
<html>
<head>
<style>
table, th, td {
border: 1px solid black;
}
th, td {
padding: 5px;
}
</style>
</head>
<body>
<h2>Invoice</h2>
<p><strong>Client:</strong> BigCo</p>
<table>
<tr>
<th>Piece</th>
<th>Seats Sold</th>
<th>Price</th>
</tr>
<tr>
<td>Hamlet</td>
<td>30</td>
<td>$400.00</td>
</tr>
<tr>
<td>As You Like It</td>
<td>20</td>
<td>$360.00</td>
</tr>
<tr>
<td>Othello</td>
<td>40</td>
<td>$500.00</td>
</tr>


<tr>
<td colspan="2" style="text-align: right;"><strong>Total Owed:</strong></td>
<td>$1,260.00</td>
</tr>
<tr>
<td colspan="2" style="text-align: right;"><strong>Fidelity Points Earned:</strong></td>
<td>14</td>
</tr>
<tr>
<td colspan="2" style="text-align: right;"><strong>New Fidelity Points Balance:</strong></td>
<td>149</td>
</tr>
</table>
<p>The invoice is due in 30 days</p>
</body>
</html>