Statement for BigCo
  Hamlet: $400.00 (30 seats)
  As You Like It: $360.00 (20 seats)
  Othello: $500.00 (40 seats)
Amount owed is $1,260.00
You earned 14 credits
